GowinSynthesis start
Running parser ...
Analyzing Verilog file 'C:\Users\TH3785\Documents\Projects\pb-backup\pb\verilog\assessment\src\spi_image\spi_image_top.v'
Analyzing Verilog file 'C:\Users\TH3785\Documents\Projects\pb-backup\pb\verilog\assessment\src\spi_image\spi_slave_mode0.v'
Analyzing Verilog file 'C:\Users\TH3785\Documents\Projects\pb-backup\pb\verilog\assessment\src\spi_image\gray_bowl_detector.v'
Compiling module 'spi_image_top'("C:\Users\TH3785\Documents\Projects\pb-backup\pb\verilog\assessment\src\spi_image\spi_image_top.v":2)
Extracting RAM for identifier 'payload'("C:\Users\TH3785\Documents\Projects\pb-backup\pb\verilog\assessment\src\spi_image\spi_image_top.v":30)
Compiling module 'spi_slave_mode0'("C:\Users\TH3785\Documents\Projects\pb-backup\pb\verilog\assessment\src\spi_image\spi_slave_mode0.v":5)
WARN  (EX3791) : Expression size 17 truncated to fit in target size 16("C:\Users\TH3785\Documents\Projects\pb-backup\pb\verilog\assessment\src\spi_image\spi_slave_mode0.v":44)
WARN  (EX3791) : Expression size 4 truncated to fit in target size 3("C:\Users\TH3785\Documents\Projects\pb-backup\pb\verilog\assessment\src\spi_image\spi_slave_mode0.v":45)
Compiling module 'gray_bowl_detector'("C:\Users\TH3785\Documents\Projects\pb-backup\pb\verilog\assessment\src\spi_image\gray_bowl_detector.v":3)
WARN  (EX3791) : Expression size 17 truncated to fit in target size 16("C:\Users\TH3785\Documents\Projects\pb-backup\pb\verilog\assessment\src\spi_image\spi_image_top.v":143)
WARN  (EX3791) : Expression size 17 truncated to fit in target size 16("C:\Users\TH3785\Documents\Projects\pb-backup\pb\verilog\assessment\src\spi_image\spi_image_top.v":220)
WARN  (EX3791) : Expression size 7 truncated to fit in target size 6("C:\Users\TH3785\Documents\Projects\pb-backup\pb\verilog\assessment\src\spi_image\spi_image_top.v":234)
NOTE  (EX0101) : Current top module is "spi_image_top"
[5%] Running netlist conversion ...
Running device independent optimization ...
[10%] Optimizing Phase 0 completed
[15%] Optimizing Phase 1 completed
[25%] Optimizing Phase 2 completed
Running inference ...
[30%] Inferring Phase 0 completed
[40%] Inferring Phase 1 completed
[50%] Inferring Phase 2 completed
[55%] Inferring Phase 3 completed
Running technical mapping ...
[60%] Tech-Mapping Phase 0 completed
[65%] Tech-Mapping Phase 1 completed
[75%] Tech-Mapping Phase 2 completed
[80%] Tech-Mapping Phase 3 completed
[90%] Tech-Mapping Phase 4 completed
[95%] Generate netlist file "C:\Users\TH3785\Documents\Projects\pb-backup\pb\verilog\assessment\impl\gwsynthesis\assessment.vg" completed
[100%] Generate report file "C:\Users\TH3785\Documents\Projects\pb-backup\pb\verilog\assessment\impl\gwsynthesis\assessment_syn.rpt.html" completed
GowinSynthesis finish
