Reading netlist file: "C:\Users\Dudu\Documents\infnet\tp4\verilog_tp4\assessment\impl\gwsynthesis\assessment.vg"
Parsing netlist file "C:\Users\Dudu\Documents\infnet\tp4\verilog_tp4\assessment\impl\gwsynthesis\assessment.vg" completed
Processing netlist completed
Reading constraint file: "C:\Users\Dudu\Documents\infnet\tp4\verilog_tp4\assessment\src\dk_video.cst"
Physical Constraint parsed completed
Running placement......
[10%] Placement Phase 0 completed
[20%] Placement Phase 1 completed
[30%] Placement Phase 2 completed
WARN  (TA1132) :  'ch0_vfb_clk_in' was determined to be a clock but was not created.
WARN  (TA1132) :  'HyperRAM_Memory_Interface_Top_inst/u_hpram_top/clkdiv/CLKOUT.default_gen_clk' was determined to be a clock but was not created.
WARN  (TA1117) : Can't calculate clocks' relationship between: "I_clk" and "serial_clk"
[50%] Placement Phase 3 completed
Running routing......
[60%] Routing Phase 0 completed
[70%] Routing Phase 1 completed
[80%] Routing Phase 2 completed
WARN  (PR1014) : Generic routing resource will be used to clock signal 'I_clk_d' by the specified constraint. And then it may lead to the excessive delay or skew
[90%] Routing Phase 3 completed
Running timing analysis......
[95%] Timing analysis completed
Placement and routing completed
Bitstream generation in progress......
Bitstream generation completed
Running power analysis......
[100%] Power analysis completed
Generate file "C:\Users\Dudu\Documents\infnet\tp4\verilog_tp4\assessment\impl\pnr\assessment.power.html" completed
Generate file "C:\Users\Dudu\Documents\infnet\tp4\verilog_tp4\assessment\impl\pnr\assessment.pin.html" completed
Generate file "C:\Users\Dudu\Documents\infnet\tp4\verilog_tp4\assessment\impl\pnr\assessment.rpt.html" completed
Generate file "C:\Users\Dudu\Documents\infnet\tp4\verilog_tp4\assessment\impl\pnr\assessment.rpt.txt" completed
Generate file "C:\Users\Dudu\Documents\infnet\tp4\verilog_tp4\assessment\impl\pnr\assessment.tr.html" completed
Fri Aug 28 21:19:54 2026

